// Jest Snapshot v1, https://goo.gl/fbAQLP

exports[`Login form test suite match snapshot 1`] = `
"<form>
  <div class=\\"mb-3 row\\"><label for=\\"email\\" class=\\"col-sm-4 col-form-label text-sm-end\\"> Email: </label>
    <div class=\\"col-sm-8\\"><input type=\\"text\\" class=\\"form-control\\" id=\\"email\\">
      <!--v-if-->
    </div>
  </div>
  <div class=\\"mb-3 row\\"><label for=\\"current-password\\" class=\\"col-sm-4 col-form-label text-sm-end\\"> Password: </label>
    <div class=\\"col-sm-8\\"><input type=\\"password\\" class=\\"form-control\\" id=\\"current-password\\" autocomplete=\\"false\\">
      <!--v-if-->
    </div>
  </div>
  <div class=\\"mb-3 row\\"><label class=\\"col-sm-4\\"></label>
    <div class=\\"col-sm-8\\"><a to=\\"[object Object]\\" class=\\"btn btn-primary me-3\\"> Sign up </a><button type=\\"submit\\" class=\\"btn btn-outline-primary\\"><span>Login</span></button></div>
  </div><a to=\\"[object Object]\\" class=\\"text-decoration-none float-end\\"> Forgot your password? </a>
</form>"
`;
